src/db/seed-abu-2026.ts(1140,7): error TS2769: No overload matches this call.
  Overload 2 of 2, '(values: { id: string | SQL<unknown> | Placeholder<string, any>; title: string | SQL<unknown> | Placeholder<string, any>; startDate: string | SQL<unknown> | Placeholder<...>; ... 14 more ...; dailyTimeBudgetMin?: number | ... 2 more ... | undefined; }[]): PgInsertBase<...> | PgInsertBase<...>', gave the following error.
    Object literal may only specify known properties, and 'id' does not exist in type '{ id: string | SQL<unknown> | Placeholder<string, any>; title: string | SQL<unknown> | Placeholder<string, any>; startDate: string | SQL<unknown> | Placeholder<string, any>; ... 14 more ...; dailyTimeBudgetMin?: number | ... 2 more ... | undefined; }[]'.
src/db/seed-abu-2026.ts(1199,42): error TS2769: No overload matches this call.
  Overload 1 of 2, '(value: { planId: string | SQL<unknown> | Placeholder<string, any>; id: string | SQL<unknown> | Placeholder<string, any>; taskType: "chapter_read" | "chunk_review" | ... 7 more ... | Placeholder<...>; ... 26 more ...; difficultyWeight?: number | ... 2 more ... | undefined; }): PgInsertBase<...> | PgInsertBase<...>', gave the following error.
    Argument of type '{ id: string; planId: string; dayId: string; taskType: TaskTypeLiteral; status: "pending" | "in_progress" | "completed" | "skipped" | "overdue" | "rescheduled"; title: string; ... 9 more ...; resultJson: string | null; }[]' is not assignable to parameter of type '{ planId: string | SQL<unknown> | Placeholder<string, any>; id: string | SQL<unknown> | Placeholder<string, any>; taskType: "chapter_read" | "chunk_review" | ... 7 more ... | Placeholder<...>; ... 26 more ...; difficultyWeight?: number | ... 2 more ... | undefined; }'.
      Type '{ id: string; planId: string; dayId: string; taskType: TaskTypeLiteral; status: "pending" | "in_progress" | "completed" | "skipped" | "overdue" | "rescheduled"; title: string; ... 9 more ...; resultJson: string | null; }[]' is missing the following properties from type '{ planId: string | SQL<unknown> | Placeholder<string, any>; id: string | SQL<unknown> | Placeholder<string, any>; taskType: "chapter_read" | "chunk_review" | ... 7 more ... | Placeholder<...>; ... 26 more ...; difficultyWeight?: number | ... 2 more ... | undefined; }': planId, id, taskType, title
  Overload 2 of 2, '(values: { planId: string | SQL<unknown> | Placeholder<string, any>; id: string | SQL<unknown> | Placeholder<string, any>; taskType: "chapter_read" | "chunk_review" | ... 7 more ... | Placeholder<...>; ... 26 more ...; difficultyWeight?: number | ... 2 more ... | undefined; }[]): PgInsertBase<...> | PgInsertBase<...>', gave the following error.
    Argument of type '{ id: string; planId: string; dayId: string; taskType: TaskTypeLiteral; status: "pending" | "in_progress" | "completed" | "skipped" | "overdue" | "rescheduled"; title: string; ... 9 more ...; resultJson: string | null; }[]' is not assignable to parameter of type '{ planId: string | SQL<unknown> | Placeholder<string, any>; id: string | SQL<unknown> | Placeholder<string, any>; taskType: "chapter_read" | "chunk_review" | ... 7 more ... | Placeholder<...>; ... 26 more ...; difficultyWeight?: number | ... 2 more ... | undefined; }[]'.
      Type '{ id: string; planId: string; dayId: string; taskType: TaskTypeLiteral; status: "pending" | "in_progress" | "completed" | "skipped" | "overdue" | "rescheduled"; title: string; ... 9 more ...; resultJson: string | null; }' is not assignable to type '{ planId: string | SQL<unknown> | Placeholder<string, any>; id: string | SQL<unknown> | Placeholder<string, any>; taskType: "chapter_read" | "chunk_review" | ... 7 more ... | Placeholder<...>; ... 26 more ...; difficultyWeight?: number | ... 2 more ... | undefined; }'.
        Types of property 'resultJson' are incompatible.
          Type 'string | null' is not assignable to type 'Record<string, unknown> | SQL<unknown> | Placeholder<string, any> | null | undefined'.
            Type 'string' is not assignable to type 'Record<string, unknown> | SQL<unknown> | Placeholder<string, any> | null | undefined'.
src/db/seed-abu-2026.ts(1212,46): error TS2769: No overload matches this call.
  Overload 1 of 2, '(value: { id: string | SQL<unknown> | Placeholder<string, any>; taskId: string | SQL<unknown> | Placeholder<string, any>; sortOrder?: number | SQL<unknown> | Placeholder<...> | undefined; ... 10 more ...; conceptId?: string | ... 3 more ... | undefined; }): PgInsertBase<...> | PgInsertBase<...>', gave the following error.
    Argument of type '{ id: string; taskId: string; chapterId: string | null; docId: string | null; metadataJson: string; sortOrder: number; }[]' is not assignable to parameter of type '{ id: string | SQL<unknown> | Placeholder<string, any>; taskId: string | SQL<unknown> | Placeholder<string, any>; sortOrder?: number | SQL<unknown> | Placeholder<string, any> | undefined; ... 10 more ...; conceptId?: string | ... 3 more ... | undefined; }'.
      Type '{ id: string; taskId: string; chapterId: string | null; docId: string | null; metadataJson: string; sortOrder: number; }[]' is missing the following properties from type '{ id: string | SQL<unknown> | Placeholder<string, any>; taskId: string | SQL<unknown> | Placeholder<string, any>; sortOrder?: number | SQL<unknown> | Placeholder<string, any> | undefined; ... 10 more ...; conceptId?: string | ... 3 more ... | undefined; }': id, taskId
  Overload 2 of 2, '(values: { id: string | SQL<unknown> | Placeholder<string, any>; taskId: string | SQL<unknown> | Placeholder<string, any>; sortOrder?: number | SQL<unknown> | Placeholder<...> | undefined; ... 10 more ...; conceptId?: string | ... 3 more ... | undefined; }[]): PgInsertBase<...> | PgInsertBase<...>', gave the following error.
    Argument of type '{ id: string; taskId: string; chapterId: string | null; docId: string | null; metadataJson: string; sortOrder: number; }[]' is not assignable to parameter of type '{ id: string | SQL<unknown> | Placeholder<string, any>; taskId: string | SQL<unknown> | Placeholder<string, any>; sortOrder?: number | SQL<unknown> | Placeholder<string, any> | undefined; ... 10 more ...; conceptId?: string | ... 3 more ... | undefined; }[]'.
      Type '{ id: string; taskId: string; chapterId: string | null; docId: string | null; metadataJson: string; sortOrder: number; }' is not assignable to type '{ id: string | SQL<unknown> | Placeholder<string, any>; taskId: string | SQL<unknown> | Placeholder<string, any>; sortOrder?: number | SQL<unknown> | Placeholder<string, any> | undefined; ... 10 more ...; conceptId?: string | ... 3 more ... | undefined; }'.
        Types of property 'metadataJson' are incompatible.
          Type 'string' is not assignable to type 'Record<string, unknown> | SQL<unknown> | Placeholder<string, any> | null | undefined'.
